// Jest Snapshot v1, https://goo.gl/fbAQLP

exports[`Features/ListManagement Default play-test 1`] = `
<div>
  <form>
    <div class="p-0 d-flex mb-4">
      <input placeholder="New list"
             name="name"
             type="text"
             class="form-control"
             aria-invalid="false"
             value
      >
      <button type="button"
              class="btn btn-success"
              aria-label="Create List"
      >
        Create List
      </button>
    </div>
  </form>
  <ul class="list-group">
    <li class="list-group-item-action list-group-item">
      <a href="/list/1">
        List 1
      </a>
    </li>
    <li class="list-group-item-action list-group-item">
      <a href="/list/2">
        List 2
      </a>
    </li>
  </ul>
</div>
`;
