// Jest Snapshot v1, https://goo.gl/fbAQLP

exports[`Features/ListManagement/NewList Default play-test 1`] = `
<form>
  <div class="p-0 d-flex mb-4">
    <input placeholder="New list"
           name="name"
           type="text"
           class="form-control"
           aria-invalid="false"
           value
    >
    <button type="button"
            class="btn btn-success"
    >
      Create List
    </button>
  </div>
</form>
`;
